---
source: src/parser.rs
expression: output
---
Paragraph
  ParaSegment
    WhiteSpace: " "
    Word: "I"
    WhiteSpace: " "
    Word: "am"
    WhiteSpace: " "
    Word: "a"
    WhiteSpace: " "
    Word: "paragraph"
    WhiteSpace: " "
    Word: "segment"
    Dot: "."
    LineEnding: "\n"
  ParaBreak
    LineEnding: "\n"
  ParaSegment
    Word: "I"
    WhiteSpace: " "
    Word: "am"
    WhiteSpace: " "
    Word: "another"
    WhiteSpace: " "
    Word: "paragraph"
    WhiteSpace: " "
    Word: "segment"
    Dot: "."
    LineEnding: "\n"
  ParaSegment
    WhiteSpace: " "
    Word: "are"
    WhiteSpace: " "
    UnderLine
      Underscore: "_"
      TextChunk
        Word: "attached"
      Underscore: "_"
    WhiteSpace: " "
    Word: "to"
    WhiteSpace: " "
    Word: "one"
    WhiteSpace: " "
    Word: "another"
    Dot: "."
    LineEnding: "\n"
  ParaSegment
    LParen: "("
    LSquare: "["
    LCurly: "{"
    RCurly: "}"
    RSquare: "]"
    RParen: ")"
    LineEnding: "\n"
  ParaSegment
    WhiteSpace: "  "
    Emph
      Asterisk: "*"
      TextChunk
        Word: "bold"
      Asterisk: "*"
    LineEnding: "\n"
  ParaSegment
    WhiteSpace: "  "
    Italics
      Slash: "/"
      TextChunk
        Word: "italic"
      Slash: "/"
    LineEnding: "\n"
  ParaSegment
    WhiteSpace: "  "
    UnderLine
      Underscore: "_"
      TextChunk
        Word: "underline"
      Underscore: "_"
    LineEnding: "\n"
  ParaSegment
    WhiteSpace: "  "
    Verbatim
      Pipe: "|"
      TextChunk
        Hyphen: "-"
        Word: "strike"
        Hyphen: "-"
        Word: "through"
        Hyphen: "-"
      Pipe: "|"
    LineEnding: "\n"
  ParaSegment
    WhiteSpace: "  "
    Spoiler
      Exclamation: "!"
      TextChunk
        Word: "spoiler"
      Exclamation: "!"
    LineEnding: "\n"
  ParaSegment
    WhiteSpace: "  "
    Superscript
      Caret: "^"
      TextChunk
        Word: "superscript"
      Caret: "^"
    LineEnding: "\n"
  ParaSegment
    WhiteSpace: "  "
    Subscript
      Comma: ","
      TextChunk
        Word: "subscript"
      Comma: ","
    LineEnding: "\n"
  ParaSegment
    WhiteSpace: "  "
    InlineCode
      Backtick: "`"
      TextChunk
        Word: "inline"
        WhiteSpace: " "
        Word: "code"
      Backtick: "`"
    LineEnding: "\n"
  ParaSegment
    WhiteSpace: "  "
    InlineCode
      Error: "`" (unclosed delimiter)
      TextChunk
    NullModifier
      Percent: "%"
      TextChunk
        Word: "null"
        WhiteSpace: " "
        Word: "modifier"
      Percent: "%"
    InlineCode
      Error: "`" (unclosed delimiter)
      TextChunk
    LineEnding: "\n"
  ParaSegment
    WhiteSpace: "  "
    Variable
      Ampersand: "&"
      TextChunk
        Word: "variable"
      Ampersand: "&"
    WhiteSpace: " "
    LineEnding: "\n"
  ParaSegment
    Word: "this"
    WhiteSpace: " "
    Verbatim
      Pipe: "|"
      TextChunk
        Word: "is"
        WhiteSpace: " "
        Word: "verbatim"
      Pipe: "|"
    WhiteSpace: " "
    Word: "content"
    WhiteSpace: " "
    Emph
      Asterisk: "*"
      TextChunk
        Word: "this"
        WhiteSpace: " "
        Word: "is"
        WhiteSpace: " "
        Word: "bold"
      Asterisk: "*"
    LineEnding: "\n"
  ParaSegment
    WhiteSpace: "    "
    Word: "Together"
    WhiteSpace: " "
    Word: "we"
    WhiteSpace: " "
    Word: "form"
    WhiteSpace: " "
    Word: "a"
    WhiteSpace: " "
    Word: "paragraph"
    Dot: "."
