---
source: src/parser.rs
expression: output
---
Paragraph
  ParaSegment
    WhiteSpace: " "
    Word: "I"
    WhiteSpace: " "
    Word: "am"
    WhiteSpace: " "
    Word: "a"
    WhiteSpace: " "
    Word: "paragraph"
    WhiteSpace: " "
    Word: "segment"
    Dot: "."
    LineEnding: "\n"
  ParaBreak
    LineEnding: "\n"
  ParaSegment
    Word: "I"
    WhiteSpace: " "
    Word: "am"
    WhiteSpace: " "
    Word: "another"
    WhiteSpace: " "
    Word: "paragraph"
    WhiteSpace: " "
    Word: "segment"
    Dot: "."
    LineEnding: "\n"
  ParaSegment
    WhiteSpace: " "
    Word: "are"
    WhiteSpace: " "
    UnderLine
      Underscore: "_"
      TextChunk
        Word: "attached"
      Underscore: "_"
    WhiteSpace: " "
    Word: "to"
    WhiteSpace: " "
    Word: "one"
    WhiteSpace: " "
    Word: "another"
    Dot: "."
    LineEnding: "\n"
  ParaSegment
    LParen: "("
    LSquare: "["
    LCurly: "{"
    RCurly: "}"
    RSquare: "]"
    RParen: ")"
    LineEnding: "\n"
  ParaSegment
    WhiteSpace: "  "
    Bold
      Error: "*" (unclosed delimiter)
      TextChunk
        Word: "bold"
      Bold
        Error: "*" (unclosed delimiter)
        TextChunk
          Error: "\n" (unexpected LineEnding)
          Error: "  " (unexpected WhiteSpace)
        Italics
          Error: "/" (unclosed delimiter)
          TextChunk
            Word: "italic"
          Italics
            Error: "/" (unclosed delimiter)
            TextChunk
              Error: "\n" (unexpected LineEnding)
              Error: "  " (unexpected WhiteSpace)
            UnderLine
              Error: "_" (unclosed delimiter)
              TextChunk
                Word: "underline"
              UnderLine
                Error: "_" (unclosed delimiter)
                TextChunk
                  Error: "\n" (unexpected LineEnding)
                  WhiteSpace: "  "
                Verbatim
                  Pipe: "|"
                  TextChunk
                    Hyphen: "-"
                    Word: "strike"
                    Hyphen: "-"
                    Word: "through"
                    Hyphen: "-"
                  Pipe: "|"
                TextChunk
                  Error: "\n" (unexpected LineEnding)
                  Error: "  " (unexpected WhiteSpace)
                Spoiler
                  Error: "!" (unclosed delimiter)
                  TextChunk
                    Word: "spoiler"
                  Spoiler
                    Error: "!" (unclosed delimiter)
                    TextChunk
                      Error: "\n" (unexpected LineEnding)
                      Error: "  " (unexpected WhiteSpace)
                    Superscript
                      Caret: "^"
                      TextChunk
                        Word: "superscript"
                      Caret: "^"
                    TextChunk
                      Error: "\n" (unexpected LineEnding)
                      Error: "  " (unexpected WhiteSpace)
                    Subscript
                      Comma: ","
                      TextChunk
                        Word: "subscript"
                      Comma: ","
                    TextChunk
                      Error: "\n" (unexpected LineEnding)
                      Error: "  " (unexpected WhiteSpace)
                    InlineCode
                      Backtick: "`"
                      TextChunk
                        Word: "inline"
                        WhiteSpace: " "
                        Word: "code"
                      Backtick: "`"
                    TextChunk
                      Error: "\n" (unexpected LineEnding)
                      Error: "  " (unexpected WhiteSpace)
                    InlineCode
                      Error: "`" (unclosed delimiter)
                      TextChunk
                    NullModifier
                      Error: "%" (unclosed delimiter)
                      TextChunk
                        Word: "null"
                        WhiteSpace: " "
                        Word: "modifier"
                      NullModifier
                        Error: "%" (unclosed delimiter)
                        InlineCode
                          Error: "`" (unclosed delimiter)
                          TextChunk
                            Error: "\n" (unexpected LineEnding)
                            Error: "  " (unexpected WhiteSpace)
                        Variable
                          Ampersand: "&"
                          TextChunk
                            Word: "variable"
                          Ampersand: "&"
                        TextChunk
                          WhiteSpace: " "
                          Error: "\n" (unexpected LineEnding)
                          Word: "this"
                          WhiteSpace: " "
                        Verbatim
                          Pipe: "|"
                          TextChunk
                            Word: "is"
                            WhiteSpace: " "
                            Word: "verbatim"
                          Pipe: "|"
                        TextChunk
                          WhiteSpace: " "
                          Word: "content"
                          Error: " " (unexpected WhiteSpace)
                        Bold
                          Error: "*" (unclosed delimiter)
                          TextChunk
                            Word: "this"
                            WhiteSpace: " "
                            Word: "is"
                            WhiteSpace: " "
                            Word: "bold"
                          Bold
                            Error: "*" (unclosed delimiter)
                            TextChunk
                              Error: "\n" (unexpected LineEnding)
                              WhiteSpace: "    "
                              Word: "Together"
                              WhiteSpace: " "
                              Word: "we"
                              WhiteSpace: " "
                              Word: "form"
                              WhiteSpace: " "
                              Word: "a"
                              WhiteSpace: " "
                              Word: "paragraph"
                              Dot: "."
