---
source: src/grammer/am.rs
expression: output
---
Italics [ offsets: 0, position: ( line: 0, col: 0 ) ] ]
  Slash: "/" [ offsets: 0, position: ( line: 0, col: 0 ) ] ]
  TextChunk [ offsets: 1, position: ( line: 0, col: 1 ) ] ]
    Word: "an" [ offsets: 1, position: ( line: 0, col: 1 ) ] ]
    WhiteSpace: " " [ offsets: 3, position: ( line: 0, col: 3 ) ] ]
    Word: "italics" [ offsets: 4, position: ( line: 0, col: 4 ) ] ]
    WhiteSpace: " " [ offsets: 11, position: ( line: 0, col: 11 ) ] ]
    Word: "text" [ offsets: 12, position: ( line: 0, col: 12 ) ] ]
    WhiteSpace: " " [ offsets: 16, position: ( line: 0, col: 16 ) ] ]
    Word: "chunk" [ offsets: 17, position: ( line: 0, col: 17 ) ] ]
    Error: " " (unexpected WhiteSpace) [ offsets: 22, position: ( line: 0, col: 22 ) ] ]
  Slash: "/" [ offsets: 23, position: ( line: 0, col: 23 ) ] ]
