---
source: src/grammer/am.rs
expression: output
---
Italics [ offsets: 0, position: ( line: 0, col: 0 ) ] ]
  Slash: "/" [ offsets: 0, position: ( line: 0, col: 0 ) ] ]
  Error: "/" (unexpected /) [ offsets: 1, position: ( line: 0, col: 1 ) ] ]
  Word: "this" [ offsets: 2, position: ( line: 0, col: 2 ) ] ]
  WhiteSpace: " " [ offsets: 6, position: ( line: 0, col: 6 ) ] ]
  Word: "is" [ offsets: 7, position: ( line: 0, col: 7 ) ] ]
  WhiteSpace: " " [ offsets: 9, position: ( line: 0, col: 9 ) ] ]
  Bold [ offsets: 10, position: ( line: 0, col: 10 ) ] ]
    Asterisk: "*" [ offsets: 10, position: ( line: 0, col: 10 ) ] ]
    Word: "bold" [ offsets: 11, position: ( line: 0, col: 11 ) ] ]
    Asterisk: "*" [ offsets: 15, position: ( line: 0, col: 15 ) ] ]
  Error: " " (unexpected WhiteSpace) [ offsets: 16, position: ( line: 0, col: 16 ) ] ]
  Slash: "/" [ offsets: 17, position: ( line: 0, col: 17 ) ] ]
